 ⚠ Linting is disabled.
⚠ No build cache found. Please configure build caching for faster rebuilds. Read more: https://nextjs.org/docs/messages/no-cache
   ▲ Next.js 15.5.26
   - Experiments (use with caution):
     · serverActions

   Creating an optimized production build ...
<w> [webpack.cache.PackFileCacheStrategy] Serializing big strings (113kiB) impacts deserialization performance (consider using Buffer instead and decode when needed)
<w> [webpack.cache.PackFileCacheStrategy] Serializing big strings (268kiB) impacts deserialization performance (consider using Buffer instead and decode when needed)
 ✓ Compiled successfully in 7.6s
   Checking validity of types ...
   Collecting page data ...
   Generating static pages (0/6) ...
   Generating static pages (1/6) 
   Generating static pages (2/6) 
   Generating static pages (4/6) 
 ✓ Generating static pages (6/6)
   Finalizing page optimization ...
   Collecting build traces ...

Route (app)                                 Size  First Load JS
┌ ƒ /                                      167 B         106 kB
├ ○ /_not-found                            995 B         104 kB
├ ƒ /[code]                              2.18 kB         108 kB
├ ƒ /api/ai-draft                          133 B         103 kB
├ ƒ /auth/callback                         133 B         103 kB
├ ƒ /f/[token]                             133 B         103 kB
├ ƒ /login                                 133 B         103 kB
├ ƒ /me                                    167 B         106 kB
└ ƒ /t/[token]                             167 B         106 kB
+ First Load JS shared by all             103 kB
  ├ chunks/255-2dbbf79f36f0dfa2.js       46.4 kB
  ├ chunks/4bd1b696-c023c6e3521b1417.js  54.2 kB
  └ other shared chunks (total)           1.9 kB


ƒ Middleware                             93.6 kB

○  (Static)   prerendered as static content
ƒ  (Dynamic)  server-rendered on demand

